Failed to proxy https://chat.wisdomtooth.tech/api/v1/events/?tenant_id=9a3190de-32bf-49d1-a62d-4b92a6779779&page=1&page_size=20 AggregateError: 
    at ignore-listed frames {
  code: 'ETIMEDOUT',
  [errors]: [
    Error: connect ETIMEDOUT 64:ff9b::dcf:55a4:443
        at <unknown> (Error: connect ETIMEDOUT 64:ff9b::dcf:55a4:443) {
      errno: -4039,
      code: 'ETIMEDOUT',
      syscall: 'connect',
      address: '64:ff9b::dcf:55a4',
      port: 443
    },
    Error: connect ETIMEDOUT 13.207.85.164:443
        at <unknown> (Error: connect ETIMEDOUT 13.207.85.164:443) {
      errno: -4039,
      code: 'ETIMEDOUT',
      syscall: 'connect',
      address: '13.207.85.164',
      port: 443
    }
  ]
}
AggregateError: 
    at ignore-listed frames {
  code: 'ETIMEDOUT',
  [errors]: [
    Error: connect ETIMEDOUT 64:ff9b::dcf:55a4:443
        at <unknown> (Error: connect ETIMEDOUT 64:ff9b::dcf:55a4:443) {
      errno: -4039,
      code: 'ETIMEDOUT',
      syscall: 'connect',
      address: '64:ff9b::dcf:55a4',
      port: 443
    },
    Error: connect ETIMEDOUT 13.207.85.164:443
        at <unknown> (Error: connect ETIMEDOUT 13.207.85.164:443) {
      errno: -4039,
      code: 'ETIMEDOUT',
      syscall: 'connect',
      address: '13.207.85.164',
      port: 443
    }
  ]
}
Failed to proxy https://chat.wisdomtooth.tech/api/v1/events/?tenant_id=9a3190de-32bf-49d1-a62d-4b92a6779779&status=approved&page=1&page_size=20 AggregateError: 
    at ignore-listed frames {
  code: 'ETIMEDOUT',
  [errors]: [
    Error: connect ETIMEDOUT 64:ff9b::dcf:55a4:443
        at <unknown> (Error: connect ETIMEDOUT 64:ff9b::dcf:55a4:443) {
      errno: -4039,
      code: 'ETIMEDOUT',
      syscall: 'connect',
      address: '64:ff9b::dcf:55a4',
      port: 443
    },
    Error: connect ETIMEDOUT 13.207.85.164:443
        at <unknown> (Error: connect ETIMEDOUT 13.207.85.164:443) {
      errno: -4039,
      code: 'ETIMEDOUT',
      syscall: 'connect',
      address: '13.207.85.164',
      port: 443
    }
  ]
}
AggregateError: 
    at ignore-listed frames {
  code: 'ETIMEDOUT',
  [errors]: [
    Error: connect ETIMEDOUT 64:ff9b::dcf:55a4:443
        at <unknown> (Error: connect ETIMEDOUT 64:ff9b::dcf:55a4:443) {
      errno: -4039,
      code: 'ETIMEDOUT',
      syscall: 'connect',
      address: '64:ff9b::dcf:55a4',
      port: 443
    },
    Error: connect ETIMEDOUT 13.207.85.164:443
        at <unknown> (Error: connect ETIMEDOUT 13.207.85.164:443) {
      errno: -4039,
      code: 'ETIMEDOUT',
      syscall: 'connect',
      address: '13.207.85.164',
      port: 443
    }
  ]
}
Failed to proxy https://chat.wisdomtooth.tech/api/v1/trainings/ AggregateError: 
    at ignore-listed frames {
  code: 'ETIMEDOUT',
  [errors]: [
    Error: connect ETIMEDOUT 64:ff9b::dcf:55a4:443
        at <unknown> (Error: connect ETIMEDOUT 64:ff9b::dcf:55a4:443) {
      errno: -4039,
      code: 'ETIMEDOUT',
      syscall: 'connect',
      address: '64:ff9b::dcf:55a4',
      port: 443
    },
    Error: connect ETIMEDOUT 13.207.85.164:443
        at <unknown> (Error: connect ETIMEDOUT 13.207.85.164:443) {
      errno: -4039,
      code: 'ETIMEDOUT',
      syscall: 'connect',
      address: '13.207.85.164',
      port: 443
    }
  ]
}
AggregateError: 
    at ignore-listed frames {
  code: 'ETIMEDOUT',
  [errors]: [
    Error: connect ETIMEDOUT 64:ff9b::dcf:55a4:443
        at <unknown> (Error: connect ETIMEDOUT 64:ff9b::dcf:55a4:443) {
      errno: -4039,
      code: 'ETIMEDOUT',
      syscall: 'connect',
      address: '64:ff9b::dcf:55a4',
      port: 443
    },
    Error: connect ETIMEDOUT 13.207.85.164:443
        at <unknown> (Error: connect ETIMEDOUT 13.207.85.164:443) {
      errno: -4039,
      code: 'ETIMEDOUT',
      syscall: 'connect',
      address: '13.207.85.164',
      port: 443
    }
  ]
}
npm error Lifecycle script `dev` failed with error:
npm error code 1
npm error path C:\CM_Web\apps\enterprise-admin
npm error workspace @ihp/enterprise-admin@0.1.0
npm error location C:\CM_Web\apps\enterprise-admin
npm error command failed
npm error command C:\windows\system32\cmd.exe /d /s /c next dev --port 3001
