
> ihp@0.1.0 dev:enterprise
> npm run dev --workspace=@ihp/enterprise-admin


> @ihp/enterprise-admin@0.1.0 dev
> next dev --port 3001

▲ Next.js 16.2.9 (Turbopack)
- Local:         http://localhost:3001
- Network:       http://10.28.191.43:3001
- Environments: .env.local
✓ Ready in 1434ms

 GET /admin/trainings 200 in 854ms (next.js: 168ms, application-code: 686ms)
 GET /admin/programs 200 in 304ms (next.js: 142ms, application-code: 162ms)
 GET /admin/programs 200 in 80ms (next.js: 3ms, application-code: 77ms)
 GET /admin/trainings/create 200 in 201ms (next.js: 79ms, application-code: 122ms)
 GET /admin/programs/create 200 in 191ms (next.js: 68ms, application-code: 123ms)
 GET /admin/trainings 200 in 63ms (next.js: 10ms, application-code: 53ms)
 GET /admin/events 200 in 134ms (next.js: 79ms, application-code: 56ms)
 GET /admin/programs 200 in 58ms (next.js: 9ms, application-code: 50ms)
 GET /admin/events 200 in 379ms (next.js: 13ms, application-code: 367ms)
 GET /admin/programs 200 in 106ms (next.js: 14ms, application-code: 92ms)
 GET /admin/trainings 200 in 74ms (next.js: 28ms, application-code: 46ms)
 GET /admin/events 200 in 66ms (next.js: 9ms, application-code: 57ms)
✓ Compiled in 173ms
 GET /admin/programs 200 in 270ms (next.js: 138ms, application-code: 132ms)
 GET /admin/events 200 in 275ms (next.js: 64ms, application-code: 211ms)
 GET /admin/programs 200 in 111ms (next.js: 20ms, application-code: 91ms)
 GET /admin/events 200 in 116ms (next.js: 5ms, application-code: 111ms)
 GET /admin/events 200 in 136ms (next.js: 3ms, application-code: 133ms)
 GET /admin/events 200 in 142ms (next.js: 21ms, application-code: 121ms)
 GET /admin/events 200 in 144ms (next.js: 5ms, application-code: 139ms)
 GET /admin/events 200 in 119ms (next.js: 12ms, application-code: 108ms)
 GET /admin/programs 200 in 93ms (next.js: 4ms, application-code: 90ms)
 GET /admin/programs 200 in 94ms (next.js: 19ms, application-code: 74ms)
 GET /admin/programs 200 in 49ms (next.js: 27ms, application-code: 23ms)
 GET /admin/programs 200 in 52ms (next.js: 7ms, application-code: 45ms)
 GET /admin/trainings 200 in 714ms (next.js: 47ms, application-code: 667ms)
 GET /admin/trainings/create 200 in 600ms (next.js: 45ms, application-code: 555ms)
 GET /admin/trainings 200 in 60ms (next.js: 10ms, application-code: 50ms)
 GET /admin/trainings 200 in 114ms (next.js: 6ms, application-code: 108ms)
 GET /admin/trainings/create 200 in 51ms (next.js: 8ms, application-code: 43ms)
✓ Compiled in 319ms
 GET /admin/trainings/create 200 in 429ms (next.js: 119ms, application-code: 310ms)
 GET /admin/trainings/create 200 in 270ms (next.js: 6ms, application-code: 264ms)
 GET /admin/trainings/create 200 in 207ms (next.js: 17ms, application-code: 190ms)
 GET /admin/trainings/create 200 in 210ms (next.js: 58ms, application-code: 151ms)
 GET /admin/trainings/create 200 in 210ms (next.js: 106ms, application-code: 104ms)
 GET /admin/trainings/create 200 in 212ms (next.js: 128ms, application-code: 84ms)
✓ Compiled in 332ms
 GET /admin/trainings/create 200 in 148ms (next.js: 83ms, application-code: 64ms)
 GET /admin/trainings/create 200 in 157ms (next.js: 5ms, application-code: 153ms)
 GET /admin/trainings/create 200 in 126ms (next.js: 6ms, application-code: 120ms)
 GET /admin/trainings/create 200 in 89ms (next.js: 38ms, application-code: 51ms)
 GET /admin/trainings/create 200 in 90ms (next.js: 63ms, application-code: 27ms)
 GET /admin/trainings/create 200 in 131ms (next.js: 43ms, application-code: 88ms)
✓ Compiled in 271ms
 GET /admin/trainings/create 200 in 273ms (next.js: 58ms, application-code: 216ms)
 GET /admin/trainings/create 200 in 190ms (next.js: 4ms, application-code: 186ms)
 GET /admin/trainings/create 200 in 154ms (next.js: 6ms, application-code: 148ms)
 GET /admin/trainings/create 200 in 156ms (next.js: 88ms, application-code: 68ms)
 GET /admin/trainings/create 200 in 163ms (next.js: 39ms, application-code: 124ms)
 GET /admin/trainings/create 200 in 166ms (next.js: 67ms, application-code: 99ms)
✓ Compiled in 260ms
 GET /admin/trainings/create 200 in 349ms (next.js: 69ms, application-code: 281ms)
 GET /admin/trainings/create 200 in 247ms (next.js: 15ms, application-code: 232ms)
 GET /admin/trainings/create 200 in 156ms (next.js: 41ms, application-code: 115ms)
 GET /admin/trainings/create 200 in 158ms (next.js: 76ms, application-code: 82ms)
 GET /admin/trainings/create 200 in 161ms (next.js: 60ms, application-code: 101ms)
 GET /admin/trainings/create 200 in 131ms (next.js: 66ms, application-code: 66ms)
✓ Compiled in 221ms
 GET /admin/trainings/create 200 in 232ms (next.js: 49ms, application-code: 183ms)
 GET /admin/trainings/create 200 in 145ms (next.js: 5ms, application-code: 140ms)
 GET /admin/trainings/create 200 in 119ms (next.js: 7ms, application-code: 113ms)
 GET /admin/trainings/create 200 in 121ms (next.js: 48ms, application-code: 73ms)
 GET /admin/trainings/create 200 in 125ms (next.js: 72ms, application-code: 53ms)
 GET /admin/trainings/create 200 in 131ms (next.js: 27ms, application-code: 103ms)
✓ Compiled in 234ms
 GET /admin/trainings/create 200 in 271ms (next.js: 64ms, application-code: 207ms)
 GET /admin/trainings/create 200 in 184ms (next.js: 7ms, application-code: 177ms)
 GET /admin/trainings/create 200 in 134ms (next.js: 33ms, application-code: 100ms)
 GET /admin/trainings/create 200 in 135ms (next.js: 75ms, application-code: 60ms)
 GET /admin/trainings/create 200 in 139ms (next.js: 54ms, application-code: 84ms)
 GET /admin/trainings/create 200 in 144ms (next.js: 7ms, application-code: 137ms)
 GET /admin/profile 200 in 2.3s (next.js: 2.3s, application-code: 47ms)
 GET /admin/trainings 200 in 160ms (next.js: 108ms, application-code: 53ms)
 GET /admin/trainings/create 200 in 52ms (next.js: 7ms, application-code: 46ms)
 GET /admin/trainings/07216a22-82fe-4daf-827a-9565314fad83 200 in 3.8s (next.js: 3.7s, application-code: 71ms)
 GET /admin/trainings 200 in 34ms (next.js: 5ms, application-code: 29ms)
 GET /admin/trainings 200 in 682ms (next.js: 3ms, application-code: 679ms)
 GET /admin/trainings/create 200 in 308ms (next.js: 3ms, application-code: 306ms)
 GET /admin/trainings/95728ba2-2821-41bd-8504-bf47fefb412a 200 in 1228ms (next.js: 1153ms, application-code: 75ms)
 GET /admin/trainings/95728ba2-2821-41bd-8504-bf47fefb412a/edit 200 in 1778ms (next.js: 1716ms, application-code: 61ms)
 GET /admin/trainings/create 200 in 57ms (next.js: 7ms, application-code: 49ms)
 GET /admin/programs 200 in 180ms (next.js: 116ms, application-code: 63ms)
 GET /admin/trainings 200 in 39ms (next.js: 2ms, application-code: 36ms)
 GET /admin/trainings 200 in 107ms (next.js: 11ms, application-code: 96ms)
 GET /admin/trainings 200 in 59ms (next.js: 6ms, application-code: 53ms)
 GET /admin/trainings/create 200 in 139ms (next.js: 10ms, application-code: 129ms)
 GET /admin/trainings 200 in 54ms (next.js: 8ms, application-code: 46ms)
 GET /admin/events 200 in 93ms (next.js: 43ms, application-code: 50ms)
 GET /admin/programs 200 in 61ms (next.js: 9ms, application-code: 52ms)
 GET /admin/trainings 200 in 53ms (next.js: 7ms, application-code: 46ms)
 GET /admin/trainings 200 in 21ms (next.js: 7ms, application-code: 15ms)
 GET /admin/trainings 200 in 48ms (next.js: 6ms, application-code: 41ms)
 GET /admin/trainings 200 in 165ms (next.js: 8ms, application-code: 157ms)
[?25h
