
> ihp@0.1.0 dev:all
> concurrently -n shell,enterprise,platform -c blue,green,magenta "npm run dev" "npm run dev:enterprise" "npm run dev:platform"

[enterprise] 
[enterprise] > ihp@0.1.0 dev:enterprise
[enterprise] > npm run dev --workspace=@ihp/enterprise-admin
[enterprise] 
[platform] 
[platform] > ihp@0.1.0 dev:platform
[platform] > npm run dev --workspace=@ihp/platform-admin
[platform] 
[shell] 
[shell] > ihp@0.1.0 dev
[shell] > npm run dev --workspace=@ihp/shell
[shell] 
[platform] 
[platform] > @ihp/platform-admin@0.1.0 dev
[platform] > next dev --port 3002
[platform] 
[shell] 
[shell] > @ihp/shell@0.1.0 dev
[shell] > next dev --port 3000
[shell] 
[enterprise] 
[enterprise] > @ihp/enterprise-admin@0.1.0 dev
[enterprise] > next dev --port 3001
[enterprise] 
[enterprise] ▲ Next.js 16.2.9 (Turbopack)
[platform] ▲ Next.js 16.2.9 (Turbopack)
[platform] - Local:         http://localhost:3002
[platform] - Network:       http://10.28.191.43:3002
[platform] - Environments: .env.local
[platform] ✓ Ready in 2.6s
[enterprise] - Local:         http://localhost:3001
[enterprise] - Network:       http://10.28.191.43:3001
[enterprise] - Environments: .env.local
[enterprise] ✓ Ready in 2.6s
[shell] ▲ Next.js 16.2.9 (Turbopack)
[shell] - Local:         http://localhost:3000
[shell] - Network:       http://10.28.191.43:3000
[shell] - Environments: .env.local
[shell] ✓ Ready in 2.6s
[shell] [AUTH PROXY DEBUG] AUTH_API_BASE_URL: https://admin.apis.invigor8.app
[shell] [AUTH PROXY DEBUG] /api/v1/auth/:path* -> https://admin.apis.invigor8.app/api/v1/auth/:path*
[shell] [AUTH PROXY DEBUG] /api/v1/tenant/:path* -> https://admin.apis.invigor8.app/api/v1/tenant/:path*
[shell] 
[platform] 
[enterprise] 
